23:09:24 **** Incremental Build of configuration Release for project nucleo ****
make -j16 all 
arm-none-eabi-gcc "../Core/Src/main.c" -mcpu=cortex-m4 -std=gnu11 -DUSE_HAL_DRIVER -DSTM32F446xx -c -I../Core/Inc -I../Drivers/STM32F4xx_HAL_Driver/Inc -I../Drivers/STM32F4xx_HAL_Driver/Inc/Legacy -I../Drivers/CMSIS/Device/ST/STM32F4xx/Include -I../Drivers/CMSIS/Include -I"/home/pali/Documents/BME/HA5KFU/aprs-gadget/firmware/stm32/nucleo/BSP/Inc" -Os -ffunction-sections -fdata-sections -Wall -fstack-usage -MMD -MP -MF"Core/Src/main.d" -MT"Core/Src/main.o" --specs=nano.specs -mfpu=fpv4-sp-d16 -mfloat-abi=hard -mthumb -o "Core/Src/main.o"
arm-none-eabi-gcc -o "nucleo.elf" @"objects.list"   -mcpu=cortex-m4 -T"/home/pali/Documents/BME/HA5KFU/aprs-gadget/firmware/stm32/nucleo/STM32F446RETX_FLASH.ld" --specs=nosys.specs -Wl,-Map="nucleo.map" -Wl,--gc-sections -static --specs=nano.specs -mfpu=fpv4-sp-d16 -mfloat-abi=hard -mthumb -Wl,--start-group -lc -lm -Wl,--end-group
Finished building target: nucleo.elf
 
arm-none-eabi-size   nucleo.elf 
arm-none-eabi-objdump -h -S  nucleo.elf  > "nucleo.list"
   text	   data	    bss	    dec	    hex	filename
  20648	    140	   3108	  23896	   5d58	nucleo.elf
Finished building: default.size.stdout
 
Finished building: nucleo.list
 
23:09:28 **** Incremental Build of configuration Release for project nucleo ****
make -j16 all 
arm-none-eabi-size   nucleo.elf 
   text	   data	    bss	    dec	    hex	filename
  20648	    140	   3108	  23896	   5d58	nucleo.elf
Finished building: default.size.stdout
 
23:41:13 **** Incremental Build of configuration Release for project nucleo ****
make -j16 all 
arm-none-eabi-gcc "../BSP/Src/aprs.c" -mcpu=cortex-m4 -std=gnu11 -DUSE_HAL_DRIVER -DSTM32F446xx -c -I../Core/Inc -I../Drivers/STM32F4xx_HAL_Driver/Inc -I../Drivers/STM32F4xx_HAL_Driver/Inc/Legacy -I../Drivers/CMSIS/Device/ST/STM32F4xx/Include -I../Drivers/CMSIS/Include -I"/home/pali/Documents/BME/HA5KFU/aprs-gadget/firmware/stm32/nucleo/BSP/Inc" -Os -ffunction-sections -fdata-sections -Wall -fstack-usage -MMD -MP -MF"BSP/Src/aprs.d" -MT"BSP/Src/aprs.o" --specs=nano.specs -mfpu=fpv4-sp-d16 -mfloat-abi=hard -mthumb -o "BSP/Src/aprs.o"
arm-none-eabi-gcc -o "nucleo.elf" @"objects.list"   -mcpu=cortex-m4 -T"/home/pali/Documents/BME/HA5KFU/aprs-gadget/firmware/stm32/nucleo/STM32F446RETX_FLASH.ld" --specs=nosys.specs -Wl,-Map="nucleo.map" -Wl,--gc-sections -static --specs=nano.specs -mfpu=fpv4-sp-d16 -mfloat-abi=hard -mthumb -Wl,--start-group -lc -lm -Wl,--end-group
Finished building target: nucleo.elf
 
arm-none-eabi-size   nucleo.elf 
arm-none-eabi-objdump -h -S  nucleo.elf  > "nucleo.list"
   text	   data	    bss	    dec	    hex	filename
  20648	    140	   3108	  23896	   5d58	nucleo.elf
Finished building: default.size.stdout
 
Finished building: nucleo.list
 
23:57:12 **** Incremental Build of configuration Release for project nucleo ****
make -j16 all 
arm-none-eabi-gcc "../BSP/Src/aprs.c" -mcpu=cortex-m4 -std=gnu11 -DUSE_HAL_DRIVER -DSTM32F446xx -c -I../Core/Inc -I../Drivers/STM32F4xx_HAL_Driver/Inc -I../Drivers/STM32F4xx_HAL_Driver/Inc/Legacy -I../Drivers/CMSIS/Device/ST/STM32F4xx/Include -I../Drivers/CMSIS/Include -I"/home/pali/Documents/BME/HA5KFU/aprs-gadget/firmware/stm32/nucleo/BSP/Inc" -Os -ffunction-sections -fdata-sections -Wall -fstack-usage -MMD -MP -MF"BSP/Src/aprs.d" -MT"BSP/Src/aprs.o" --specs=nano.specs -mfpu=fpv4-sp-d16 -mfloat-abi=hard -mthumb -o "BSP/Src/aprs.o"
arm-none-eabi-gcc -o "nucleo.elf" @"objects.list"   -mcpu=cortex-m4 -T"/home/pali/Documents/BME/HA5KFU/aprs-gadget/firmware/stm32/nucleo/STM32F446RETX_FLASH.ld" --specs=nosys.specs -Wl,-Map="nucleo.map" -Wl,--gc-sections -static --specs=nano.specs -mfpu=fpv4-sp-d16 -mfloat-abi=hard -mthumb -Wl,--start-group -lc -lm -Wl,--end-group
Finished building target: nucleo.elf
 
arm-none-eabi-size   nucleo.elf 
arm-none-eabi-objdump -h -S  nucleo.elf  > "nucleo.list"
   text	   data	    bss	    dec	    hex	filename
  20648	    140	   3108	  23896	   5d58	nucleo.elf
Finished building: default.size.stdout
 
Finished building: nucleo.list
 
